// Jest Snapshot v1, https://goo.gl/fbAQLP

exports[`<Heading/> matches snapshot 1`] = `
<div
  className="item"
>
  <h1>
    RoboFriends
  </h1>
</div>
`;
